../Core/Src/main.c:85:6:UART_printf	1
../Core/Src/main.c:90:6:delay_us_timer	2
../Core/Src/main.c:95:6:HAL_TIM_PeriodElapsedCallback	2
../Core/Src/main.c:104:6:Task_ReadDS18B20	2
../Core/Src/main.c:124:6:Task_UART_Send	2
../Core/Src/main.c:143:6:Task_LCD_Display	2
../Core/Src/main.c:161:6:Task_ReadSoil	4
../Core/Src/main.c:183:6:App_ExecutePeriodicTasks	1
../Core/Src/main.c:197:6:Process_UART_Commands	11
../Core/Src/main.c:233:5:main	2
../Core/Src/main.c:306:6:SystemClock_Config	4
../Core/Src/main.c:353:13:MX_ADC1_Init	3
../Core/Src/main.c:400:13:MX_I2C1_Init	2
../Core/Src/main.c:434:13:MX_TIM1_Init	4
../Core/Src/main.c:480:13:MX_TIM2_Init	4
../Core/Src/main.c:525:13:MX_TIM4_Init	4
../Core/Src/main.c:570:13:MX_USART1_UART_Init	2
../Core/Src/main.c:603:13:MX_GPIO_Init	1
../Core/Src/main.c:631:6:HAL_UART_RxCpltCallback	2
../Core/Src/main.c:650:6:Error_Handler	1
