../Core/Src/main.c:85:6:UART_printf	16	static
../Core/Src/main.c:90:6:delay_us_timer	16	static
../Core/Src/main.c:95:6:HAL_TIM_PeriodElapsedCallback	16	static
../Core/Src/main.c:104:6:Task_ReadDS18B20	96	static
../Core/Src/main.c:124:6:Task_UART_Send	216	static
../Core/Src/main.c:143:6:Task_LCD_Display	96	static
../Core/Src/main.c:161:6:Task_ReadSoil	96	static
../Core/Src/main.c:183:6:App_ExecutePeriodicTasks	8	static
../Core/Src/main.c:197:6:Process_UART_Commands	16	static
../Core/Src/main.c:233:5:main	8	static
../Core/Src/main.c:306:6:SystemClock_Config	88	static
../Core/Src/main.c:353:13:MX_ADC1_Init	24	static
../Core/Src/main.c:400:13:MX_I2C1_Init	8	static
../Core/Src/main.c:434:13:MX_TIM1_Init	32	static
../Core/Src/main.c:480:13:MX_TIM2_Init	32	static
../Core/Src/main.c:525:13:MX_TIM4_Init	32	static
../Core/Src/main.c:570:13:MX_USART1_UART_Init	8	static
../Core/Src/main.c:603:13:MX_GPIO_Init	40	static
../Core/Src/main.c:631:6:HAL_UART_RxCpltCallback	16	static
../Core/Src/main.c:650:6:Error_Handler	4	static,ignoring_inline_asm
